// Jest Snapshot v1, https://goo.gl/fbAQLP

exports[`VTitle should render correctly 1`] = `
"<div class=\\"w-full h-full px-2 flex flex-col justify-center items-center mb-8\\">
  <div class=\\"p-6 border border-gray-light rounded-md w-full md:max-w-md shadow-md\\">
    <h1>Content inside Modal</h1>
  </div>
</div>"
`;
